# serializer version: 1
# name: test_all_disabled_parkings
  list([
    DisabledParking(
      district='Urbach',
      district_nr=7,
      entry_id=1,
      latitude=50.88211573130589,
      longitude=7.080332599332128,
      note='Am Schwanebitzer Hof',
      number=1,
    ),
    DisabledParking(
      district='Porz',
      district_nr=7,
      entry_id=2,
      latitude=50.890362687931805,
      longitude=7.052518230108007,
      note='Dülkenstr. 18',
      number=2,
    ),
    DisabledParking(
      district='Porz',
      district_nr=7,
      entry_id=3,
      latitude=50.88336896102042,
      longitude=7.054506954694829,
      note='Friedrich-Ebert-Ufer',
      number=1,
    ),
    DisabledParking(
      district='Zündorf',
      district_nr=7,
      entry_id=4,
      latitude=50.869548002182235,
      longitude=7.045459991034172,
      note='Gütergasse',
      number=1,
    ),
    DisabledParking(
      district='Wahn',
      district_nr=7,
      entry_id=5,
      latitude=50.85766626582422,
      longitude=7.087442211035052,
      note='Heidestr. (vor Raiffeisenbank)',
      number=1,
    ),
    DisabledParking(
      district='Eil',
      district_nr=7,
      entry_id=6,
      latitude=50.89702893845402,
      longitude=7.088964936959022,
      note='Hirschgraben (Gut Leidenhausen)',
      number=2,
    ),
    DisabledParking(
      district='Porz',
      district_nr=7,
      entry_id=7,
      latitude=50.89641577462853,
      longitude=7.036468358546936,
      note='Hohestr. 20',
      number=1,
    ),
    DisabledParking(
      district='Porz',
      district_nr=7,
      entry_id=8,
      latitude=50.88911313044775,
      longitude=7.056664432893572,
      note='Josefstr. 81',
      number=1,
    ),
    DisabledParking(
      district='Porz',
      district_nr=7,
      entry_id=9,
      latitude=50.88614304224879,
      longitude=7.058013654588876,
      note='Josefstr. 20',
      number=1,
    ),
    DisabledParking(
      district='Urbach',
      district_nr=7,
      entry_id=10,
      latitude=50.88133807963652,
      longitude=7.081585800256678,
      note='Kaiserstr.',
      number=1,
    ),
    DisabledParking(
      district='Porz',
      district_nr=7,
      entry_id=11,
      latitude=50.88572191636722,
      longitude=7.0543450519237965,
      note='Rathausstr. (Wendehammer), Mo-.Fr. 7:00-18:00 Uhr',
      number=3,
    ),
    DisabledParking(
      district='Porz',
      district_nr=7,
      entry_id=12,
      latitude=50.89117848438152,
      longitude=7.056459235491844,
      note='Steinstr./Deutzer Weg',
      number=2,
    ),
    DisabledParking(
      district='Ensen',
      district_nr=7,
      entry_id=13,
      latitude=50.89258211360342,
      longitude=7.052729992198761,
      note='Urbacher Weg',
      number=4,
    ),
    DisabledParking(
      district='Brück',
      district_nr=8,
      entry_id=14,
      latitude=50.944451274847964,
      longitude=7.076005672996747,
      note='Am Gräfenhof',
      number=2,
    ),
  ])
# ---
